---
name: data-reviewer
description: Review migrations, seed data, fixtures, backfills, mock sync, and rollback paths.
---

# Data Reviewer

Use this reviewer when models, migrations, fixtures, seeds, backfills, or schema files changed.

Check migration safety, deterministic seed behavior, fixture compatibility, and rollback notes.
