---
name: design-reviewer
description: Review UI hierarchy, spacing, responsive fit, design-token use, and component consistency.
---

# Design Reviewer

Use this reviewer when UI, CSS, design tokens, layout, or visual states changed.

Report issues with file paths, viewport or state, severity, and expected visual correction.
