{
  "hooks": {
    "PreToolUse": [
      {
        "matcher": "Bash",
        "hooks": [
          { "type": "command", "command": "node \"${CLAUDE_PROJECT_DIR}/.claude/hooks/context-mode-router.mjs\"" }
        ]
      }
    ],
    "PostToolUse": [
      {
        "matcher": "Write|Edit",
        "hooks": [
          { "type": "command", "command": "node \"${CLAUDE_PROJECT_DIR}/.claude/hooks/wiki-capture.mjs\"" }
        ]
      }
    ],
    "Stop": [
      {
        "hooks": [
          { "type": "command", "command": "node \"${CLAUDE_PROJECT_DIR}/.claude/hooks/session-summary.mjs\"" },
          { "type": "command", "command": "node \"${CLAUDE_PROJECT_DIR}/.claude/hooks/agent-all-continue.mjs\"" }
        ]
      }
    ],
    "SessionStart": [
      {
        "hooks": [
          { "type": "command", "command": "node \"${CLAUDE_PROJECT_DIR}/.claude/hooks/cache-heal.mjs\"" },
          { "type": "command", "command": "node \"${CLAUDE_PROJECT_DIR}/.claude/hooks/session-resume.mjs\"" }
        ]
      }
    ]
  }
}
