# Rendered Task

## Goal

## Acceptance

## Scope

## Out of Scope

## File Ownership

## Phases

## Decision Matrix

| Decision | Options | Choice | Rationale |
|---|---|---|---|

## Ambiguity Log

## Progress Snapshot

Current phase:
Current git state:
Completed:
Remaining:
Blockers:
Latest validation:
Next action:

## Verification

## Cost Telemetry

| Current USD | Max USD | Budget Status | Source |
|---:|---:|---|---|
| 0.00 | TBD | unbounded | none |

## Quality Debt Exceptions

| Item | Reason | Owner | Follow-up issue | Expiry |
|---|---|---|---|---|

## Data Task Addendum

Use this section when the task touches notebooks, datasets, SQL, ETL, batch jobs, reports, or derived artifacts.

### Dataset / Source

### Data Snapshot

### Assumptions

### Reproducibility

### Validation Queries

### Artifacts

### Data Risks

### Rollback / Cleanup

## Risk / Rollback

## Handoff

## Follow-up
