# Rendered Task

## Goal

## Acceptance

## Scope

## Out of Scope

## File Ownership

## Phases

## Decision Matrix

| Decision | Options | Choice | Rationale |
|---|---|---|---|

## Ambiguity Log

## Progress Snapshot

Current phase:
Completed:
Remaining:
Blockers:
Latest validation:
Next action:

## Verification

## Risk / Rollback

## Handoff

## Follow-up
