{
  "mode": "comprehensive",
  "baseUrl": "http://localhost:3000",
  "breakpoints": [
    { "name": "mobile",  "width": 375,  "height": 812 },
    { "name": "tablet",  "width": 768,  "height": 1024 },
    { "name": "desktop", "width": 1440, "height": 900 }
  ],
  "comprehensive": {
    "scope": { "include": ["/"], "exclude": [], "maxPages": 50, "depth": 3 },
    "interactions": { "click": true, "depth": 1 },
    "cache": { "gitDiffScope": true, "domHashCache": true },
    "verdict": { "mode": "vs-baseline", "failOn": ["critical", "major"], "firstRun": "report" }
  },
  "analysis": {
    "model": "claude-sonnet-4-6",
    "categories": ["accessibility", "alignment", "color-contrast", "copy-quality", "responsive-fit"],
    "severityThreshold": "minor"
  },
  "output": {
    "dir": ".agent-skill/reports/visual-qa",
    "keepLastN": 10
  }
}
